[aquanite.net/index.html]
[backblue.gif]
[fade.gif]
[index.html]
[media.discordapp.net/attachments/1049428381579628616/1053097211652747324/logo_aqua_niteb0a9.png]
[use.fontawesome.com/releases/v5.0.12/css/brands.css]
[use.fontawesome.com/releases/v5.0.12/css/fontawesome.css]
[cdn.jsdelivr.net/npm/bulma@0.8.2/css/bulma.min.css]
[stackpath.bootstrapcdn.com/bootstrap/4.5.0/css/bootstrap.min.css]
[aquanite.net/css/style.css]
[aquanite.net/css/mobile.css]
[cdnjs.cloudflare.com/ajax/libs/toastr.js/latest/css/toastr.min.css]
[code.jquery.com/jquery-3.1.1.min.js]
[cdnjs.cloudflare.com/ajax/libs/toastr.js/latest/js/toastr.min.js]
[alts.top/js/pace.js]
[cdn.jsdelivr.net/npm/popper.js@1.16.0/dist/umd/popper.min.js]
[use.fontawesome.com/releases/v5.3.1/js/all.js]
[stackpath.bootstrapcdn.com/bootstrap/4.5.0/js/bootstrap.min.js]
[widget.trustpilot.com/bootstrap/v5/tp.widget.sync.bootstrap.min.js]
[i.imgur.com/jHmKVQ1.png]
[i.imgur.com/EzGT8ch.png]
[i.imgur.com/olm9TOs.png]
[aquanite.net/faq.html]
[i.imgur.com/82cA7cz.png]
[i.imgur.com/ycTxm5R.png]
[i.imgur.com/LYHO8d3.png]
[i.imgur.com/W8gyIBa.png]
[i.imgur.com/u7VH2ca.png]
[i.imgur.com/q8KWNzQ.png]
[i.imgur.com/e3WXvXg.png]
[i.imgur.com/HjRyg4j.png]
[i.imgur.com/KXAahhg.png]
[i.imgur.com/nVxjHNx.png]
[media.discordapp.net/attachments/1049428381579628616/1054873740640518214/Fortnite-2800-V-Bucks-25-USD6159.png]
[i.imgur.com/IyHq2un.png]
[media.discordapp.net/attachments/1049428381579628616/1054873933993750628/C5oPAaCcrWMB75mESRYeWsjBgePlpl0cqK5EFF9cSMo_350x200_3x-06159.png]
[i.imgur.com/Ze5pmdu.png]
[media.discordapp.net/attachments/1049428381579628616/1054874189477191690/cafd73694c15a73a380ecabacdc66159.png]
[aquanite.net/index.html]
[use.fontawesome.com/releases/v5.0.12/css/brands.css]
[use.fontawesome.com/releases/v5.0.12/css/fontawesome.css]
[cdn.jsdelivr.net/npm/bulma@0.8.2/css/bulma.min.css]
[stackpath.bootstrapcdn.com/bootstrap/4.5.0/css/bootstrap.min.css]
[aquanite.net/css/style.css]
[aquanite.net/css/mobile.css]
[cdnjs.cloudflare.com/ajax/libs/toastr.js/latest/css/toastr.min.css]
[alts.top/js/pace.js]
[aquanite.net/js/v003/atop.js]
[widget.trustpilot.com/bootstrap/v5/tp.widget.bootstrap.min.js]
[widget.trustpilot.com/bootstrap/v5/tp.widget.sync.bootstrap.min.js]
[aquanite.net/aUZGecK8SjjCvcO8wr3DuSpCfsOpfsKXZsO9RMO/index.html]
[aquanite.net/index-2.html]
[aquanite.net/img/favicon/manifest.html]
[aquanite.net/js/pace.js]
[aquanite.net/faq-2.html]
[aquanite.net/js/lazysizes.min-2.html]
[aquanite.net/faq.html]
[aquanite.net/js/lazysizes.min.html]
[aquanite.net/aUZGecK8SjjCvcO8wr3DuSpCfsOpfsKXZsO9RMO/index.html]
[widget.trustpilot.com/bootstrap/v5/xhr.js]
[widget.trustpilot.com/bootstrap/v5/GET]
[widget.trustpilot.com/bootstrap/v5/lib/widget-management.js]
[widget.trustpilot.com/bootstrap/v5/tp.widget.bootstrap.min.js]
[aquanite.net/index-2.html]
[aquanite.net/i.imgur.com/EMx1ZPG.html]
[aquanite.net/img/favicon/manifest.html]
[aquanite.net/use.fontawesome.com/releases/v5.0.12/css/brands.html]
[aquanite.net/use.fontawesome.com/releases/v5.0.12/css/fontawesome.html]
[aquanite.net/cdn.jsdelivr.net/npm/bulma@0.8.2/css/bulma.min.html]
[aquanite.net/stackpath.bootstrapcdn.com/bootstrap/4.5.0/css/bootstrap.min.html]
[aquanite.net/cdnjs.cloudflare.com/ajax/libs/toastr.js/latest/css/toastr.min.html]
[aquanite.net/code.jquery.com/jquery-3.1.1.min.html]
[aquanite.net/cdnjs.cloudflare.com/ajax/libs/toastr.js/latest/js/toastr.min.html]
[aquanite.net/use.fontawesome.com/releases/v5.3.1/js/all.html]
[aquanite.net/cdn.jsdelivr.net/npm/popper.js@1.16.0/dist/umd/popper.min.html]
[aquanite.net/stackpath.bootstrapcdn.com/bootstrap/4.5.0/js/bootstrap.min.html]
[aquanite.net/widget.trustpilot.com/bootstrap/v5/tp.widget.sync.bootstrap.min.html]
[aquanite.net/faq-2.html]
[aquanite.net/js/lazysizes.min-2.html]
[widget.trustpilot.com/bootstrap/v5/xhr.html]
[widget.trustpilot.com/bootstrap/v5/GET.html]
[widget.trustpilot.com/bootstrap/v5/lib/widget-management.html]
